✔ [3103/3127] Built JSP572Four.Basic (4.0s)
✔ [3104/3127] Built JSP572Four.PairGeometry (6.3s)
✔ [3105/3127] Built JSP572Four.TwoBlockDegree (6.3s)
✔ [3106/3127] Built JSP572Four.MatchingArithmetic (6.5s)
✔ [3107/3127] Built JSP572Four.TwoBlockLinks (5.5s)
✔ [3108/3127] Built JSP572Four.Compression (9.5s)
✔ [3109/3127] Built JSP572Four.TwoBlocks (5.6s)
✔ [3110/3127] Built JSP572Four.ShiftedLink (8.8s)
✔ [3111/3127] Built JSP572Four.Constructions (29s)
✔ [3112/3127] Built JSP572Four.MatchingCore (29s)
✔ [3113/3127] Built JSP572Four.ShiftedBound (29s)
✔ [3114/3127] Built JSP572Four.Counting (9.4s)
✔ [3115/3127] Built JSP572Four.ResidualColours (9.5s)
✔ [3116/3127] Built JSP572Four.MatchingStructure (9.5s)
✔ [3117/3127] Built JSP572Four.TripleBound (9.5s)
✔ [3118/3127] Built JSP572Four.PerfectMatchingBound (10s)
✔ [3119/3127] Built JSP572Four.ResidualPartition (8.2s)
✔ [3120/3127] Built JSP572Four.TwoIntersectingBound (8.2s)
✔ [3121/3127] Built JSP572Four.ResidualECount (9.1s)
✔ [3122/3127] Built JSP572Four.GlobalCounting (9.1s)
✔ [3123/3127] Built JSP572Four.ResidualDCount (9.3s)
✔ [3124/3127] Built JSP572Four.ResidualCCount (9.3s)
✔ [3125/3127] Built JSP572Four.Main (8.3s)
✔ [3126/3127] Built JSP572Four (7.9s)
Build completed successfully (3127 jobs).
